// Jest Snapshot v1, https://goo.gl/fbAQLP

exports[`The Navbar Component Should render correctly 1`] = `
<div>
  <div
    class="px-4 py-5 mx-auto sm:max-w-xl md:max-w-full lg:max-w-screen-xl md:px-24 lg:px-8"
  >
    <div
      class="relative flex items-center justify-between"
    >
      <a
        aria-label="Company"
        class="inline-flex items-center"
        href="/"
        title="Company"
      >
        <img
          alt="MYTYS Logo"
          class="w-8 text-light-blue-accent-400"
          src="/logo.svg"
        />
        <span
          class="ml-2 text-xl font-bold tracking-wide text-light-blue-500 uppercase"
        >
          MYTYS
        </span>
      </a>
      <ul
        class="flex items-center hidden space-x-8 lg:flex"
      >
        <li>
          <a
            aria-label="Home"
            class="font-medium tracking-wide text-gray-600 transition-colors duration-200 hover:text-light-blue-500"
            href="/"
            title="Home"
          >
            Home
          </a>
        </li>
        <li>
          <a
            aria-label="Courses"
            class="font-medium tracking-wide text-gray-700 transition-colors duration-200 hover:text-light-blue-accent-400"
            href="/courses"
            title="Courses"
          >
            Courses
          </a>
        </li>
        <li>
          <a
            aria-label="How it works"
            class="font-medium tracking-wide text-gray-700 transition-colors duration-200 hover:text-light-blue-accent-400"
            href="/how-it-works"
            title="How it works"
          >
            How it Works
          </a>
        </li>
        <li>
          <a
            aria-label="About us"
            class="font-medium tracking-wide text-gray-700 transition-colors duration-200 hover:text-light-blue-accent-400"
            href="/about-us"
            title="About us"
          >
            About us
          </a>
        </li>
        <li>
          <button
            aria-label="Sign In"
            class="inline-flex items-center justify-center h-12 px-6 font-medium tracking-wide text-white transition duration-200 rounded shadow-md bg-light-blue-accent-400 hover:bg-light-blue-accent-700 focus:shadow-outline focus:outline-none"
            title="Sign In"
          >
            Sign In
          </button>
        </li>
      </ul>
      <div
        class="lg:hidden z-50"
      >
        <button
          aria-label="Open Menu"
          class="p-2 -mr-1 transition duration-200 rounded focus:outline-none focus:shadow-outline hover:bg-light-blue-50 focus:bg-light-blue-50"
          title="Open Menu"
        >
          <svg
            class="w-5 text-gray-600"
            viewBox="0 0 24 24"
          >
            <path
              d="M23,13H1c-0.6,0-1-0.4-1-1s0.4-1,1-1h22c0.6,0,1,0.4,1,1S23.6,13,23,13z"
              fill="currentColor"
            />
            <path
              d="M23,6H1C0.4,6,0,5.6,0,5s0.4-1,1-1h22c0.6,0,1,0.4,1,1S23.6,6,23,6z"
              fill="currentColor"
            />
            <path
              d="M23,20H1c-0.6,0-1-0.4-1-1s0.4-1,1-1h22c0.6,0,1,0.4,1,1S23.6,20,23,20z"
              fill="currentColor"
            />
          </svg>
        </button>
      </div>
    </div>
  </div>
</div>
`;
