// Jest Snapshot v1, https://goo.gl/fbAQLP

exports[`The Mailing List Component Should render correctly 1`] = `
<div>
  <div
    class="px-4 py-16 mx-auto sm:max-w-xl md:max-w-full lg:max-w-screen-xl sm:min-w-xl md:min-w-full lg:min-w-screen-lg xl:min-w-screen-xl md:px-24 lg:px-8 lg:py-20"
  >
    <div
      class="max-w-2xl mx-auto sm:max-w-xl md:max-w-2xl"
    >
      <div
        class="text-center"
      >
        <div
          class="max-w-xl mb-10 md:mx-auto sm:text-center lg:max-w-2xl md:mb-12"
        >
          <h2
            class="max-w-lg mb-6 font-sans text-3xl font-bold leading-none tracking-tight text-gray-900 sm:text-4xl md:mx-auto"
          >
            <span
              class="relative inline-block"
            >
              <svg
                class="absolute top-0 left-0 z-0 hidden w-32 -mt-8 -ml-20 text-blue-gray-100 lg:w-32 lg:-ml-28 lg:-mt-10 sm:block"
                fill="currentColor"
                viewBox="0 0 52 24"
              >
                <defs>
                  <pattern
                    height=".30"
                    id="b039bae0-fdd5-4311-b198-8557b064fce0"
                    width=".135"
                    x="0"
                    y="0"
                  >
                    <circle
                      cx="1"
                      cy="1"
                      r=".7"
                    />
                  </pattern>
                </defs>
                <rect
                  fill="url(#b039bae0-fdd5-4311-b198-8557b064fce0)"
                  height="24"
                  width="52"
                />
              </svg>
              <span
                class="relative"
              >
                Join
              </span>
            </span>
             
            Our Mailing List
          </h2>
          <p
            class="text-base text-gray-700 md:text-lg"
          >
            Receive weekly updates on exciting news or broadcasts on MYTYS and begin this journey with us!
          </p>
        </div>
        <form
          class="flex flex-col items-center w-full mb-4 md:flex-row md:px-16"
        >
          <input
            class="flex-grow w-full h-12 px-4 mb-3 transition duration-200 bg-white border border-gray-300 rounded shadow-sm appearance-none md:mr-2 md:mb-0 focus:border-light-blue-accent-400 focus:outline-none focus:shadow-outline"
            placeholder="Email"
            required=""
            type="text"
          />
          <button
            class="inline-flex items-center justify-center w-full h-12 px-6 font-medium tracking-wide text-white transition duration-200 rounded shadow-md md:w-auto bg-light-blue-accent-400 hover:bg-light-blue-accent-700 focus:shadow-outline focus:outline-none"
            type="submit"
          >
            Subscribe
          </button>
        </form>
      </div>
    </div>
  </div>
</div>
`;
