// Jest Snapshot v1, https://goo.gl/fbAQLP

exports[`Navbar Component Show Log Out Button when has session 1`] = `
<div>
  <div
    class="px-4 py-5 mx-auto sm:max-w-xl md:max-w-full lg:max-w-screen-xl md:px-24 lg:px-8"
  >
    <div
      class="relative flex items-center justify-between"
    >
      <a
        aria-label="Company"
        class="inline-flex items-center"
        href="/"
        title="Company"
      >
        <img
          class="w-8 text-light-blue-accent-400"
          src="/logo.svg"
        />
        <span
          class="ml-2 text-xl font-bold tracking-wide text-light-blue-500 uppercase"
        >
          MYTYS
        </span>
      </a>
      <ul
        class="flex items-center hidden space-x-8 lg:flex"
      >
        <li>
          <a
            aria-label="Our product"
            class="font-medium tracking-wide text-gray-600 transition-colors duration-200 hover:text-light-blue-500"
            href="/"
            title="Our product"
          >
            Home
          </a>
        </li>
        <li>
          <a
            aria-label="Our subjects"
            class="font-medium tracking-wide text-gray-700 transition-colors duration-200 hover:text-light-blue-500"
            href="/"
            title="Our subjects"
          >
            Subjects
          </a>
        </li>
        <li>
          <a
            aria-label="Quiz"
            class="font-medium tracking-wide text-gray-700 transition-colors duration-200 hover:text-light-blue-500"
            href="/"
            title="Quiz"
          >
            Quiz
          </a>
        </li>
        <li>
          <a
            aria-label="LeaderBoard"
            class="font-medium tracking-wide text-gray-700 transition-colors duration-200 hover:text-light-blue-500"
            href="/"
            title="LeaderBoard"
          >
            LeaderBoard
          </a>
        </li>
        <li>
          <button
            aria-label="Log Out"
            class="inline-flex items-center justify-center h-12 px-6 font-medium tracking-wide text-light-blue-500 transition duration-300 rounded shadow-md bg-white hover:bg-light-blue-800 focus:shadow-outlinefocus:outline-none"
            title="Log Out"
          >
            <span
              class="font-bold"
            >
              Log Out
            </span>
          </button>
        </li>
        <li>
          <div
            class="ml-3 relative"
          >
            <button
              aria-expanded="false"
              aria-haspopup="true"
              class="max-w-xs rounded-full flex items-center text-sm bg-light-blue-100 hover:bg-light-blue-800 focus:shadow-outline focus:outline-none"
              id="user-menu-button"
              type="button"
            >
              <span
                class="sr-only"
              >
                Open user menu
              </span>
              <img
                alt=""
                class="h-8 w-8 rounded-full"
                src="https://images.unsplash.com/photo-1472099645785-5658abf4ff4e?ixlib=rb-1.2.1&ixid=eyJhcHBfaWQiOjEyMDd9&auto=format&fit=facearea&facepad=2&w=256&h=256&q=80"
              />
            </button>
          </div>
        </li>
      </ul>
      <div
        class="lg:hidden"
      >
        <button
          aria-label="Open Menu"
          class="p-2 -mr-1 transition duration-200 rounded focus:outline-none focus:shadow-outline hover:bg-light-blue-50 focus:bg-light-blue-50"
          title="Open Menu"
        >
          <svg
            class="w-5 text-gray-600"
            viewBox="0 0 24 24"
          >
            <path
              d="M23,13H1c-0.6,0-1-0.4-1-1s0.4-1,1-1h22c0.6,0,1,0.4,1,1S23.6,13,23,13z"
              fill="currentColor"
            />
            <path
              d="M23,6H1C0.4,6,0,5.6,0,5s0.4-1,1-1h22c0.6,0,1,0.4,1,1S23.6,6,23,6z"
              fill="currentColor"
            />
            <path
              d="M23,20H1c-0.6,0-1-0.4-1-1s0.4-1,1-1h22c0.6,0,1,0.4,1,1S23.6,20,23,20z"
              fill="currentColor"
            />
          </svg>
        </button>
      </div>
    </div>
  </div>
</div>
`;
