// Jest Snapshot v1, https://goo.gl/fbAQLP

exports[`The How It Works Component Should render correctly 1`] = `
<div>
  <div
    class="px-4 py-16 mx-auto sm:max-w-xl md:max-w-full lg:max-w-screen-xl sm:min-w-xl md:min-w-full lg:min-w-screen-lg xl:min-w-screen-xl md:px-24 lg:px-8 lg:py-20"
  >
    <div
      class="grid gap-10 lg:grid-cols-2"
    >
      <div
        class="flex flex-col justify-center md:pr-8 xl:pr-0 lg:max-w-lg"
      >
        <div
          class="flex items-center justify-center w-16 h-16 mb-4 rounded-full bg-cyan-accent-400"
        >
          <svg
            class="text-cyan-900 w-7 h-7"
            viewBox="0 0 24 24"
          >
            <polyline
              fill="none"
              points=" 8,5 8,1 16,1 16,5"
              stroke="currentColor"
              stroke-linecap="round"
              stroke-linejoin="round"
              stroke-miterlimit="10"
              stroke-width="2"
            />
            <polyline
              fill="none"
              points="9,15 1,15 1,5 23,5 23,15 15,15"
              stroke="currentColor"
              stroke-linecap="round"
              stroke-linejoin="round"
              stroke-miterlimit="10"
              stroke-width="2"
            />
            <polyline
              fill="none"
              points="22,18 22,23 2,23 2,18"
              stroke="currentColor"
              stroke-linecap="round"
              stroke-linejoin="round"
              stroke-miterlimit="10"
              stroke-width="2"
            />
            <rect
              fill="none"
              height="4"
              stroke="currentColor"
              stroke-linecap="round"
              stroke-linejoin="round"
              stroke-miterlimit="10"
              stroke-width="2"
              width="6"
              x="9"
              y="13"
            />
          </svg>
        </div>
        <div
          class="max-w-xl mb-6"
        >
          <h2
            class="max-w-lg mb-6 font-sans text-3xl font-bold tracking-tight text-gray-900 sm:text-4xl sm:leading-none"
          >
            Let us handle
            <br
              class="hidden md:block"
            />
            your 
             
            <span
              class="inline-block text-light-blue-accent-400"
            >
              Academic Goals
            </span>
          </h2>
          <p
            class="text-base text-gray-700 md:text-lg"
          >
            With MYTYS, you won't ever have to worry about not having sufficient practice for future examinations
          </p>
        </div>
        <div>
          <a
            aria-label=""
            class="inline-flex items-center font-semibold transition-colors duration-200 text-light-blue-accent-400 hover:text-light-blue-800"
            href="/"
          >
            Learn more
            <svg
              class="inline-block w-3 ml-2"
              fill="currentColor"
              viewBox="0 0 12 12"
            >
              <path
                d="M9.707,5.293l-5-5A1,1,0,0,0,3.293,1.707L7.586,6,3.293,10.293a1,1,0,1,0,1.414,1.414l5-5A1,1,0,0,0,9.707,5.293Z"
              />
            </svg>
          </a>
        </div>
      </div>
      <div
        class="flex items-center justify-center -mx-4 lg:pl-8"
      >
        <div
          class="flex flex-col items-end px-3"
        >
          <img
            alt=""
            class="object-cover mb-6 rounded shadow-lg h-28 sm:h-48 xl:h-56 w-28 sm:w-48 xl:w-56"
            src="images/mytys_landing_bg_4.jpg"
          />
          <img
            alt=""
            class="object-cover w-20 h-20 rounded shadow-lg sm:h-32 xl:h-40 sm:w-32 xl:w-40"
            src="images/mytys_landing_bg_1.jpg"
          />
        </div>
        <div
          class="px-3"
        >
          <img
            alt=""
            class="object-cover w-40 h-40 rounded shadow-lg sm:h-64 xl:h-80 sm:w-64 xl:w-80"
            src="images/mytys_landing_bg_3.jpg"
          />
        </div>
      </div>
    </div>
  </div>
</div>
`;
